// Jest Snapshot v1, https://goo.gl/fbAQLP

exports[`Componente de item do menu O snapshot do componente deve permanecer sempre o mesmo 1`] = `
<li
  class="sc-bdnxRM"
>
  <a
    class="sc-gtsrHT kvHodI"
    href="/home"
  >
    Home
  </a>
</li>
`;
